探索対象 35 トピック / grid [0.0, 0.4, 0.8, 1.0] の3軸 = 64 セル
候補プール・IDF・mtermvectors を取得中（b 非依存、1回だけ）...
  5/35 (47s)  10/35 (99s)  15/35 (130s)  20/35 (168s)  25/35 (212s)  30/35 (249s)  35/35 (286s)
  b=(0.0,0.0,0.0)  nDCG@10=0.2752  R@100=0.0505  P@100=0.5797
  b=(0.0,0.0,0.4)  nDCG@10=0.3284  R@100=0.0538  P@100=0.6131
  b=(0.0,0.0,0.8)  nDCG@10=0.3545  R@100=0.0571  P@100=0.6497
  b=(0.0,0.0,1.0)  nDCG@10=0.3546  R@100=0.0586  P@100=0.6663
  b=(0.0,0.4,0.0)  nDCG@10=0.2751  R@100=0.0505  P@100=0.5800
  b=(0.0,0.4,0.4)  nDCG@10=0.3299  R@100=0.0539  P@100=0.6149
  b=(0.0,0.4,0.8)  nDCG@10=0.3612  R@100=0.0572  P@100=0.6514
  b=(0.0,0.4,1.0)  nDCG@10=0.3695  R@100=0.0587  P@100=0.6683
  b=(0.0,0.8,0.0)  nDCG@10=0.2746  R@100=0.0505  P@100=0.5800
  b=(0.0,0.8,0.4)  nDCG@10=0.3314  R@100=0.0538  P@100=0.6146
  b=(0.0,0.8,0.8)  nDCG@10=0.3623  R@100=0.0573  P@100=0.6526
  b=(0.0,0.8,1.0)  nDCG@10=0.3777  R@100=0.0588  P@100=0.6700
  b=(0.0,1.0,0.0)  nDCG@10=0.2746  R@100=0.0506  P@100=0.5803
  b=(0.0,1.0,0.4)  nDCG@10=0.3320  R@100=0.0539  P@100=0.6149
  b=(0.0,1.0,0.8)  nDCG@10=0.3616  R@100=0.0573  P@100=0.6529
  b=(0.0,1.0,1.0)  nDCG@10=0.3766  R@100=0.0589  P@100=0.6711
  b=(0.4,0.0,0.0)  nDCG@10=0.2752  R@100=0.0505  P@100=0.5797
  b=(0.4,0.0,0.4)  nDCG@10=0.3278  R@100=0.0538  P@100=0.6131
  b=(0.4,0.0,0.8)  nDCG@10=0.3550  R@100=0.0571  P@100=0.6497
  b=(0.4,0.0,1.0)  nDCG@10=0.3558  R@100=0.0586  P@100=0.6663
  b=(0.4,0.4,0.0)  nDCG@10=0.2751  R@100=0.0505  P@100=0.5800
  b=(0.4,0.4,0.4)  nDCG@10=0.3299  R@100=0.0538  P@100=0.6146
  b=(0.4,0.4,0.8)  nDCG@10=0.3612  R@100=0.0572  P@100=0.6517
  b=(0.4,0.4,1.0)  nDCG@10=0.3707  R@100=0.0587  P@100=0.6686
  b=(0.4,0.8,0.0)  nDCG@10=0.2746  R@100=0.0505  P@100=0.5800
  b=(0.4,0.8,0.4)  nDCG@10=0.3314  R@100=0.0538  P@100=0.6146
  b=(0.4,0.8,0.8)  nDCG@10=0.3623  R@100=0.0573  P@100=0.6523
  b=(0.4,0.8,1.0)  nDCG@10=0.3777  R@100=0.0589  P@100=0.6703
  b=(0.4,1.0,0.0)  nDCG@10=0.2746  R@100=0.0506  P@100=0.5803
  b=(0.4,1.0,0.4)  nDCG@10=0.3320  R@100=0.0539  P@100=0.6149
  b=(0.4,1.0,0.8)  nDCG@10=0.3616  R@100=0.0573  P@100=0.6529
  b=(0.4,1.0,1.0)  nDCG@10=0.3766  R@100=0.0589  P@100=0.6711
  b=(0.8,0.0,0.0)  nDCG@10=0.2752  R@100=0.0505  P@100=0.5797
  b=(0.8,0.0,0.4)  nDCG@10=0.3279  R@100=0.0538  P@100=0.6131
  b=(0.8,0.0,0.8)  nDCG@10=0.3549  R@100=0.0571  P@100=0.6497
  b=(0.8,0.0,1.0)  nDCG@10=0.3558  R@100=0.0586  P@100=0.6660
  b=(0.8,0.4,0.0)  nDCG@10=0.2751  R@100=0.0505  P@100=0.5800
  b=(0.8,0.4,0.4)  nDCG@10=0.3300  R@100=0.0538  P@100=0.6146
  b=(0.8,0.4,0.8)  nDCG@10=0.3612  R@100=0.0572  P@100=0.6517
  b=(0.8,0.4,1.0)  nDCG@10=0.3708  R@100=0.0588  P@100=0.6689
  b=(0.8,0.8,0.0)  nDCG@10=0.2746  R@100=0.0505  P@100=0.5800
  b=(0.8,0.8,0.4)  nDCG@10=0.3314  R@100=0.0538  P@100=0.6146
  b=(0.8,0.8,0.8)  nDCG@10=0.3614  R@100=0.0573  P@100=0.6523
  b=(0.8,0.8,1.0)  nDCG@10=0.3763  R@100=0.0589  P@100=0.6703
  b=(0.8,1.0,0.0)  nDCG@10=0.2746  R@100=0.0506  P@100=0.5803
  b=(0.8,1.0,0.4)  nDCG@10=0.3320  R@100=0.0539  P@100=0.6149
  b=(0.8,1.0,0.8)  nDCG@10=0.3616  R@100=0.0574  P@100=0.6534
  b=(0.8,1.0,1.0)  nDCG@10=0.3759  R@100=0.0589  P@100=0.6714
  b=(1.0,0.0,0.0)  nDCG@10=0.2752  R@100=0.0505  P@100=0.5797
  b=(1.0,0.0,0.4)  nDCG@10=0.3279  R@100=0.0538  P@100=0.6131
  b=(1.0,0.0,0.8)  nDCG@10=0.3549  R@100=0.0571  P@100=0.6497
  b=(1.0,0.0,1.0)  nDCG@10=0.3587  R@100=0.0586  P@100=0.6660
  b=(1.0,0.4,0.0)  nDCG@10=0.2751  R@100=0.0505  P@100=0.5800
  b=(1.0,0.4,0.4)  nDCG@10=0.3301  R@100=0.0538  P@100=0.6146
  b=(1.0,0.4,0.8)  nDCG@10=0.3612  R@100=0.0572  P@100=0.6517
  b=(1.0,0.4,1.0)  nDCG@10=0.3708  R@100=0.0588  P@100=0.6689
  b=(1.0,0.8,0.0)  nDCG@10=0.2746  R@100=0.0505  P@100=0.5800
  b=(1.0,0.8,0.4)  nDCG@10=0.3314  R@100=0.0538  P@100=0.6146
  b=(1.0,0.8,0.8)  nDCG@10=0.3614  R@100=0.0573  P@100=0.6523
  b=(1.0,0.8,1.0)  nDCG@10=0.3761  R@100=0.0589  P@100=0.6703
  b=(1.0,1.0,0.0)  nDCG@10=0.2746  R@100=0.0506  P@100=0.5803
  b=(1.0,1.0,0.4)  nDCG@10=0.3320  R@100=0.0539  P@100=0.6149
  b=(1.0,1.0,0.8)  nDCG@10=0.3616  R@100=0.0574  P@100=0.6531
  b=(1.0,1.0,1.0)  nDCG@10=0.3759  R@100=0.0589  P@100=0.6714

============================================================
ndcg_cut_10  最良 b=(0.0,0.8,1.0) 0.3777   ← 端: b_title,b_body
recall_100   最良 b=(0.8,1.0,1.0) 0.0589   ← 端: b_headings,b_body
P_100        最良 b=(0.8,1.0,1.0) 0.6714   ← 端: b_headings,b_body
-> /home/takeuchi/rag-experiment-doc/experiments/gemini_fewshot_each_boost/bm25f_b_3way_grid_result.json
