読み込み中...
全トピック 105 / 対象 105
k3: [0.0, 1.0, 2.0, 4.0, 8.0, 16.0, 32.0, 64.0] + linear(k3=∞)  = 9 条件
RETRIEVE_K=3000 QUERY_REPEAT=5 k1=0.9 weights=2.0/1.0/1.0 b=0.0/0.8/1.0
========================================================================
  1/105  qid=100  経過0.9分  残り約92分
  2/105  qid=1001  経過1.8分  残り約92分
  3/105  qid=102  経過3.1分  残り約104分
  4/105  qid=125  経過4.7分  残り約118分
  5/105  qid=129  経過5.4分  残り約109分
  6/105  qid=14  経過6.3分  残り約104分
  7/105  qid=140  経過8.2分  残り約115分
  8/105  qid=144  経過8.8分  残り約106分
  9/105  qid=147  経過9.7分  残り約104分
  10/105  qid=149  経過10.9分  残り約103分
  11/105  qid=161  経過11.7分  残り約100分
  12/105  qid=176  経過12.6分  残り約98分
  13/105  qid=18  経過14.3分  残り約101分
  14/105  qid=182  経過15.4分  残り約100分
  15/105  qid=183  経過16.5分  残り約99分
  16/105  qid=187  経過17.3分  残り約96分
  17/105  qid=188  経過19.1分  残り約99分
  18/105  qid=191  経過20.1分  残り約97分
  19/105  qid=2  経過21.4分  残り約97分
  20/105  qid=200  経過22.9分  残り約97分
  21/105  qid=202  経過23.6分  残り約94分
  22/105  qid=203  経過25.7分  残り約97分
  23/105  qid=213  経過27.9分  残り約100分
  24/105  qid=219  経過29.0分  残り約98分
  25/105  qid=221  経過30.2分  残り約97分
  26/105  qid=224  経過31.3分  残り約95分
  27/105  qid=225  経過32.2分  残り約93分
  28/105  qid=23  経過33.5分  残り約92分
  29/105  qid=231  経過35.0分  残り約92分
  30/105  qid=233  経過35.7分  残り約89分
  31/105  qid=24  経過36.5分  残り約87分
  32/105  qid=245  経過37.9分  残り約86分
  33/105  qid=247  経過39.2分  残り約86分
  34/105  qid=25  経過40.1分  残り約84分
  35/105  qid=258  経過41.2分  残り約82分
  36/105  qid=273  経過42.7分  残り約82分
  37/105  qid=278  経過43.8分  残り約81分
  38/105  qid=28  経過44.5分  残り約78分
  39/105  qid=300  経過45.3分  残り約77分
  40/105  qid=31  経過45.9分  残り約75分
  41/105  qid=323  経過47.8分  残り約75分
  42/105  qid=333  経過49.0分  残り約74分
  43/105  qid=341  経過49.7分  残り約72分
  44/105  qid=346  経過50.9分  残り約71分
  45/105  qid=349  経過53.3分  残り約71分
  46/105  qid=360  経過54.4分  残り約70分
  47/105  qid=37  経過55.4分  残り約68分
  48/105  qid=372  経過56.2分  残り約67分
  49/105  qid=388  経過57.2分  残り約65分
  50/105  qid=394  経過58.2分  残り約64分
  51/105  qid=407  経過59.1分  残り約63分
  52/105  qid=41  経過60.5分  残り約62分
  53/105  qid=426  経過61.2分  残り約60分
  54/105  qid=43  経過63.3分  残り約60分
  55/105  qid=46  経過64.9分  残り約59分
  56/105  qid=464  経過66.3分  残り約58分
  57/105  qid=467  経過67.5分  残り約57分
  58/105  qid=469  経過68.6分  残り約56分
  59/105  qid=47  経過70.1分  残り約55分
  60/105  qid=477  経過71.8分  残り約54分
  61/105  qid=48  経過73.9分  残り約53分
  62/105  qid=49  経過76.0分  残り約53分
  63/105  qid=497  経過78.5分  残り約52分
  64/105  qid=499  経過82.8分  残り約53分
  65/105  qid=502  経過86.0分  残り約53分
  66/105  qid=503  経過88.1分  残り約52分
  67/105  qid=515  経過90.2分  残り約51分
  68/105  qid=526  経過91.5分  残り約50分
  69/105  qid=528  経過93.4分  残り約49分
  70/105  qid=53  経過95.8分  残り約48分
  71/105  qid=55  経過96.7分  残り約46分
  72/105  qid=56  経過98.7分  残り約45分
  73/105  qid=568  経過99.8分  残り約44分
  74/105  qid=571  経過100.6分  残り約42分
  75/105  qid=58  経過101.7分  残り約41分
  76/105  qid=582  経過102.8分  残り約39分
  77/105  qid=588  経過103.7分  残り約38分
  78/105  qid=592  経過104.6分  残り約36分
  79/105  qid=598  経過105.6分  残り約35分
  80/105  qid=6  経過106.6分  残り約33分
  81/105  qid=60  経過108.0分  残り約32分
  82/105  qid=606  経過108.4分  残り約30分
  83/105  qid=66  経過109.3分  残り約29分
  84/105  qid=7  経過111.3分  残り約28分
  85/105  qid=70  経過112.7分  残り約27分
  86/105  qid=707  経過113.8分  残り約25分
  87/105  qid=72  経過114.8分  残り約24分
  88/105  qid=80  経過115.6分  残り約22分
  89/105  qid=838  経過116.6分  残り約21分
  90/105  qid=839  経過117.3分  残り約20分
  91/105  qid=84  経過118.2分  残り約18分
  92/105  qid=847  経過118.9分  残り約17分
  93/105  qid=85  経過119.8分  残り約15分
  94/105  qid=851  経過121.3分  残り約14分
  95/105  qid=882  経過122.5分  残り約13分
  96/105  qid=889  経過124.0分  残り約12分
  97/105  qid=897  経過125.3分  残り約10分
  98/105  qid=9  経過128.0分  残り約9分
  99/105  qid=915  経過129.3分  残り約8分
  100/105  qid=93  経過131.5分  残り約7分
  101/105  qid=97  経過133.8分  残り約5分
  102/105  qid=971  経過135.8分  残り約4分
  103/105  qid=983  経過137.0分  残り約3分
  104/105  qid=986  経過138.0分  残り約1分
  105/105  qid=988  経過139.0分  残り約0分

========================================================================
SUMMARY  対象 105 クエリ

[coverage]   mult(t) = (k3+1)·qtf/(k3+qtf)
condition   recall@100     recall@1000    nDCG@10        precision@100  
------------------------------------------------------------------------
k3_0        0.1488         0.4806         0.3063         0.2323         
k3_1        0.1629         0.5057         0.3444         0.2541         
k3_2        0.1704         0.5230         0.3594         0.2650         
k3_4        0.1788         0.5405         0.3656         0.2791         
k3_8        0.1901         0.5566         0.3682         0.2955         
k3_16       0.1948         0.5662         0.3737         0.3041         
k3_32       0.1999         0.5754         0.3784         0.3123         
k3_64       0.2020         0.5814         0.3829         0.3150         
linear      0.2044         0.5890         0.3910         0.3195         

  [coverage] 指標ごとの最良 k3
    recall@100     linear     0.2044  ← 端（範囲を広げる検討）
    recall@1000    linear     0.5890  ← 端（範囲を広げる検討）
    nDCG@10        linear     0.3910  ← 端（範囲を広げる検討）
    precision@100  linear     0.3195  ← 端（範囲を広げる検討）

[consensus]   mult(t) = (k3+1)·qtf/(k3+qtf)
condition   recall@100     recall@1000    nDCG@10        precision@100  
------------------------------------------------------------------------
k3_0        0.0454         0.2242         0.3476         0.5230         
k3_1        0.0485         0.2367         0.3753         0.5560         
k3_2        0.0505         0.2441         0.3945         0.5767         
k3_4        0.0527         0.2537         0.4072         0.6017         
k3_8        0.0550         0.2629         0.4187         0.6248         
k3_16       0.0566         0.2703         0.4324         0.6434         
k3_32       0.0577         0.2754         0.4393         0.6553         
k3_64       0.0584         0.2789         0.4463         0.6626         
linear      0.0594         0.2834         0.4533         0.6732         

  [consensus] 指標ごとの最良 k3
    recall@100     linear     0.0594  ← 端（範囲を広げる検討）
    recall@1000    linear     0.2834  ← 端（範囲を広げる検討）
    nDCG@10        linear     0.4533  ← 端（範囲を広げる検討）
    precision@100  linear     0.6732  ← 端（範囲を広げる検討）

========================================================================
※ 既存値は avgdl バグ下(b=0.6/0.2/0.2)のものなので一致しない。参考表示のみ。
  k3_0     ndcg_cut_10  既存 0.3833 / 今回 0.3476  差 -0.0356
  k3_0     recall_1000  既存 0.2889 / 今回 0.2242  差 -0.0647
  k3_8     ndcg_cut_10  既存 0.4456 / 今回 0.4187  差 -0.0269
  k3_8     recall_1000  既存 0.2958 / 今回 0.2629  差 -0.0329
  linear   ndcg_cut_10  既存 0.4243 / 今回 0.4533  差 +0.0290
  linear   recall_1000  既存 0.2834 / 今回 0.2834  差 -0.0000

集計値を保存: /home/takeuchi/rag-experiment-doc/experiments/gemini_fewshot_each_boost/bm25f_k3_sweep_result.json
