読み込み中...
対象トピック: 105   RETRIEVE_K=3000   条件: structured_base, structured_posboost, narrative_only_base, narrative_only_posboost, baseline
  1/105  qid=100  経過1.6分  残り約165分
  2/105  qid=1001  経過3.2分  残り約165分
  3/105  qid=102  経過5.4分  残り約185分
  4/105  qid=125  経過8.5分  残り約214分
  5/105  qid=129  経過9.9分  残り約199分
  6/105  qid=14  経過11.5分  残り約190分
  7/105  qid=140  経過14.6分  残り約205分
  8/105  qid=144  経過15.7分  残り約190分
  9/105  qid=147  経過17.3分  残り約184分
=== 新コードで再開 15:33:04 ===
読み込み中...
対象トピック: 105   RETRIEVE_K=3000   条件: structured_base, structured_posboost, narrative_only_base, narrative_only_posboost, baseline
チェックポイント復帰: 9 トピック済み
  1/96  qid=149  fetch=10222件  経過1.4分  残り約133分
  2/96  qid=161  fetch=6920件  経過2.6分  残り約123分
  3/96  qid=176  fetch=8001件  経過3.8分  残り約117分
  4/96  qid=18  fetch=5851件  経過5.3分  残り約122分
  5/96  qid=182  fetch=6890件  経過6.7分  残り約121分
  6/96  qid=183  fetch=5830件  経過7.9分  残り約119分
  7/96  qid=187  fetch=6518件  経過8.9分  残り約114分
  8/96  qid=188  fetch=12723件  経過10.7分  残り約118分
  9/96  qid=191  fetch=7863件  経過12.0分  残り約116分
  10/96  qid=2  fetch=7677件  経過13.3分  残り約115分
  11/96  qid=200  fetch=14577件  経過14.8分  残り約115分
  12/96  qid=202  fetch=7813件  経過15.7分  残り約110分
  13/96  qid=203  fetch=15881件  経過17.5分  残り約112分
  14/96  qid=213  fetch=7844件  経過19.3分  残り約113分
  15/96  qid=219  fetch=8724件  経過20.6分  残り約111分
  16/96  qid=221  fetch=9055件  経過22.1分  残り約111分
  17/96  qid=224  fetch=6346件  経過23.4分  残り約109分
  18/96  qid=225  fetch=10172件  経過24.6分  残り約107分
  19/96  qid=23  fetch=4148件  経過25.9分  残り約105分
  20/96  qid=231  fetch=11001件  経過27.3分  残り約104分
  21/96  qid=233  fetch=6442件  経過28.2分  残り約101分
  22/96  qid=24  fetch=6090件  経過29.3分  残り約98分
  23/96  qid=245  fetch=8253件  経過30.6分  残り約97分
  24/96  qid=247  fetch=11204件  経過32.0分  残り約96分
  25/96  qid=25  fetch=6310件  経過33.1分  残り約94分
  26/96  qid=258  fetch=10202件  経過34.3分  残り約92分
  27/96  qid=273  fetch=11127件  経過35.8分  残り約91分
  28/96  qid=278  fetch=8921件  経過36.8分  残り約89分
  29/96  qid=28  fetch=4811件  経過37.6分  残り約87分
  30/96  qid=300  fetch=5900件  経過38.5分  残り約85分
  31/96  qid=31  fetch=5011件  経過39.3分  残り約82分
  32/96  qid=323  fetch=13396件  経過40.8分  残り約82分
  33/96  qid=333  fetch=9799件  経過41.9分  残り約80分
  34/96  qid=341  fetch=5972件  経過42.9分  残り約78分
  35/96  qid=346  fetch=10922件  経過44.1分  残り約77分
  36/96  qid=349  fetch=13078件  経過46.0分  残り約77分
  37/96  qid=360  fetch=7499件  経過46.9分  残り約75分
  38/96  qid=37  fetch=8667件  経過48.0分  残り約73分
  39/96  qid=372  fetch=6124件  経過49.0分  残り約72分
  40/96  qid=388  fetch=8293件  経過50.1分  残り約70分
  41/96  qid=394  fetch=8662件  経過51.2分  残り約69分
  42/96  qid=407  fetch=8194件  経過52.2分  残り約67分
  43/96  qid=41  fetch=9858件  経過53.4分  残り約66分
  44/96  qid=426  fetch=8234件  経過54.2分  残り約64分
  45/96  qid=43  fetch=12376件  経過55.9分  残り約63分
  46/96  qid=46  fetch=9594件  経過57.5分  残り約63分
  47/96  qid=464  fetch=7885件  経過58.9分  残り約61分
  48/96  qid=467  fetch=7918件  経過59.9分  残り約60分
  49/96  qid=469  fetch=9618件  経過61.2分  残り約59分
  50/96  qid=47  fetch=7097件  経過62.5分  残り約57分
  51/96  qid=477  fetch=11531件  経過63.9分  残り約56分
  52/96  qid=48  fetch=9626件  経過65.4分  残り約55分
  53/96  qid=49  fetch=6321件  経過66.7分  残り約54分
  54/96  qid=497  fetch=10715件  経過67.9分  残り約53分
  55/96  qid=499  fetch=14023件  経過69.1分  残り約52分
  56/96  qid=502  fetch=8471件  経過70.1分  残り約50分
  57/96  qid=503  fetch=8424件  経過71.0分  残り約49分
  58/96  qid=515  fetch=5617件  経過72.0分  残り約47分
  59/96  qid=526  fetch=10197件  経過73.0分  残り約46分
  60/96  qid=528  fetch=8496件  経過74.4分  残り約45分
  61/96  qid=53  fetch=9988件  経過75.9分  残り約44分
  62/96  qid=55  fetch=5489件  経過76.7分  残り約42分
  63/96  qid=56  fetch=9366件  経過78.2分  残り約41分
  64/96  qid=568  fetch=9290件  経過79.3分  残り約40分
  65/96  qid=571  fetch=6100件  経過80.0分  残り約38分
  66/96  qid=58  fetch=6124件  経過81.2分  残り約37分
  67/96  qid=582  fetch=8250件  経過82.4分  残り約36分
  68/96  qid=588  fetch=7486件  経過83.4分  残り約34分
  69/96  qid=592  fetch=5878件  経過84.4分  残り約33分
  70/96  qid=598  fetch=12440件  経過85.5分  残り約32分
  71/96  qid=6  fetch=7301件  経過86.6分  残り約30分
  72/96  qid=60  fetch=12819件  経過88.0分  残り約29分
  73/96  qid=606  fetch=5651件  経過88.5分  残り約28分
  74/96  qid=66  fetch=4898件  経過89.5分  残り約27分
  75/96  qid=7  fetch=13736件  経過91.3分  残り約26分
  76/96  qid=70  fetch=8873件  経過92.7分  残り約24分
  77/96  qid=707  fetch=12468件  経過94.0分  残り約23分
  78/96  qid=72  fetch=10525件  経過95.1分  残り約22分
  79/96  qid=80  fetch=8348件  経過96.1分  残り約21分
  80/96  qid=838  fetch=6558件  経過97.3分  残り約19分
  81/96  qid=839  fetch=7952件  経過98.1分  残り約18分
  82/96  qid=84  fetch=4563件  経過99.1分  残り約17分
  83/96  qid=847  fetch=8481件  経過99.9分  残り約16分
  84/96  qid=85  fetch=6801件  経過100.7分  残り約14分
  85/96  qid=851  fetch=10275件  経過101.8分  残り約13分
  86/96  qid=882  fetch=8080件  経過102.7分  残り約12分
  87/96  qid=889  fetch=8970件  経過103.8分  残り約11分
  88/96  qid=897  fetch=7678件  経過104.9分  残り約10分
  89/96  qid=9  fetch=9678件  経過106.5分  残り約8分
  90/96  qid=915  fetch=6380件  経過107.4分  残り約7分
  91/96  qid=93  fetch=7580件  経過108.6分  残り約6分
  92/96  qid=97  fetch=6199件  経過110.0分  残り約5分
  93/96  qid=971  fetch=7084件  経過111.0分  残り約4分
  94/96  qid=983  fetch=9724件  経過112.0分  残り約2分
  95/96  qid=986  fetch=9177件  経過112.6分  残り約1分
  96/96  qid=988  fetch=3764件  経過113.2分  残り約0分

-> /home/takeuchi/rag-experiment-doc/experiments/gemini_fewshot_each_boost/bm25f_posboost_full_result.json

=== coverage ===
method                    recall@100    recall@1000   nDCG@10       precision@100 n
structured_base           0.2771        0.6835        0.4750        0.4423        22
structured_posboost       0.2796        0.6970        0.4760        0.4491        22
narrative_only_base       0.2392        0.5908        0.4356        0.3855        22
narrative_only_posboost   0.2445        0.6101        0.4155        0.3927        22
baseline                  0.0942        0.2884        0.1569        0.1505        22

  [妥当性チェック] structured_base − 既知のk1b3_a0（0近傍なら再現）
    recall@100     +0.0000
    recall@1000    -0.0000
    nDCG@10        +0.0000
    precision@100  -0.0000
  [位置ブーストの効果] structured_posboost − structured_base
    recall@100     +0.0025
    recall@1000    +0.0135
    nDCG@10        +0.0010
    precision@100  +0.0068

=== consensus ===
method                    recall@100    recall@1000   nDCG@10       precision@100 n
structured_base           0.0739        0.3468        0.5510        0.8446        105
structured_posboost       0.0753        0.3631        0.5533        0.8612        105
narrative_only_base       0.0718        0.3158        0.5378        0.8197        105
narrative_only_posboost   0.0728        0.3278        0.5469        0.8288        105
baseline                  0.0327        0.1495        0.2649        0.3737        105

  [妥当性チェック] structured_base − 既知のk1b3_a0（0近傍なら再現）
    recall@100     +0.0000
    recall@1000    +0.0000
    nDCG@10        +0.0000
    precision@100  -0.0000
  [位置ブーストの効果] structured_posboost − structured_base
    recall@100     +0.0014
    recall@1000    +0.0162
    nDCG@10        +0.0023
    precision@100  +0.0167
