読み込み中...
全トピック: 105   対象: 35   candidate_k=1000   条件数: 4
  1/35  qid=100  経過1.0分  残り約34分
  2/35  qid=1001  経過2.2分  残り約37分
  3/35  qid=102  経過3.5分  残り約38分
  4/35  qid=125  経過5.3分  残り約41分
  5/35  qid=129  経過6.4分  残り約38分
  6/35  qid=14  経過7.4分  残り約36分
  7/35  qid=140  経過9.2分  残り約37分
  8/35  qid=144  経過10.0分  残り約34分
  9/35  qid=147  経過11.0分  残り約32分
  10/35  qid=149  経過12.2分  残り約30分
  11/35  qid=161  経過13.2分  残り約29分
  12/35  qid=176  経過14.3分  残り約28分
  13/35  qid=18  経過16.0分  残り約27分
  14/35  qid=182  経過17.3分  残り約26分
  15/35  qid=183  経過18.9分  残り約25分
  16/35  qid=187  経過20.0分  残り約24分
  17/35  qid=188  経過21.8分  残り約23分
  18/35  qid=191  経過23.0分  残り約22分
  19/35  qid=2  経過24.6分  残り約21分
  20/35  qid=200  経過25.9分  残り約19分
  21/35  qid=202  経過26.8分  残り約18分
  22/35  qid=203  経過28.7分  残り約17分
  23/35  qid=213  経過31.0分  残り約16分
  24/35  qid=219  経過32.2分  残り約15分
  25/35  qid=221  経過33.9分  残り約14分
  26/35  qid=224  経過35.3分  残り約12分
  27/35  qid=225  経過36.4分  残り約11分
  28/35  qid=23  経過38.4分  残り約10分
  29/35  qid=231  経過39.9分  残り約8分
  30/35  qid=233  経過40.8分  残り約7分
  31/35  qid=24  経過41.9分  残り約5分
  32/35  qid=245  経過43.7分  残り約4分
  33/35  qid=247  経過45.1分  残り約3分
  34/35  qid=25  経過46.2分  残り約1分
  35/35  qid=258  経過47.3分  残り約0分

[coverage]

[consensus]

-> /home/takeuchi/rag-experiment-doc/experiments/gemini_fewshot_each_boost/bm25f_posboost_structure_pilot_result.json

=== coverage ===
method                  recall@100    recall@1000   nDCG@10       precision@100 n
structured_base         0.2967        0.6351        0.5124        0.4544        9
structured_posboost     0.3077        0.6550        0.5218        0.4700        9
narrowonly_base         0.2382        0.5228        0.4527        0.3656        9
narrowonly_posboost     0.2482        0.5573        0.4333        0.3811        9

=== consensus ===
method                  recall@100    recall@1000   nDCG@10       precision@100 n
structured_base         0.0774        0.3127        0.5725        0.8506        35
structured_posboost     0.0793        0.3477        0.5793        0.8729        35
narrowonly_base         0.0744        0.2724        0.5455        0.8217        35
narrowonly_posboost     0.0753        0.3038        0.5612        0.8277        35
