読み込み中...
span_terms を準備中...
  105 クエリ / 疑似文書 451 本
条件: long_pos_fielded
QUERY_REPEAT=5 RETRIEVE_K=1000 SPAN_END=100 SPAN_BOOST=15.0
========================================================================
  long_pos_fielded: 10/105 (79s)  long_pos_fielded: 20/105 (171s)  long_pos_fielded: 30/105 (258s)  long_pos_fielded: 40/105 (332s)  long_pos_fielded: 50/105 (411s)  long_pos_fielded: 60/105 (492s)  long_pos_fielded: 70/105 (567s)  long_pos_fielded: 80/105 (640s)  long_pos_fielded: 90/105 (713s)  long_pos_fielded: 100/105 (789s)  long_pos_fielded: 105/105 (823s)
最終採点対象: 105 クエリ（全条件共通）
既存結果にマージ: /home/takeuchi/rag-experiment-doc/experiments/gemini_fewshot_each_boost/posboost_full_ablation_result.json（既存条件 ['baseline', 'champion', 'long_nopos', 'long_pos']）

### long_pos_fielded ###
[long_pos_fielded / coverage] n=22  recall_100=0.2110  recall_1000=0.5311  ndcg_cut_10=0.3613  P_100=0.3409
[long_pos_fielded / consensus] n=105  recall_100=0.0656  recall_1000=0.2809  ndcg_cut_10=0.5078  P_100=0.7359

========================================================================
SUMMARY  対象 105 クエリ

[coverage]
method        recall@100       recall@1000      nDCG@10          precision@100    
----------------------------------------------------------------------------------
baseline      0.0942           0.2884           0.1569           0.1505           
long_nopos    0.0981 (+0.0038) 0.3041 (+0.0157) 0.1690 (+0.0121) 0.1559 (+0.0055) 
long_pos      0.2053 (+0.1111) 0.5480 (+0.2596) 0.3478 (+0.1909) 0.3309 (+0.1805) 
long_pos_fielded0.2110 (+0.1168) 0.5311 (+0.2427) 0.3613 (+0.2044) 0.3409 (+0.1905) 
champion      0.2373 (+0.1431) 0.5995 (+0.3110) 0.4049 (+0.2480) 0.3768 (+0.2264) 

  [coverage] 寄与の内訳（long_nopos を起点）
    recall@100     位置ブースト +0.1072 ( 77%) / フィールド構造 +0.0057 (  4%) / 疑似文書 +0.0263 ( 19%)
    recall@1000    位置ブースト +0.2439 ( 83%) / フィールド構造 -0.0169 ( -6%) / 疑似文書 +0.0683 ( 23%)
    nDCG@10        位置ブースト +0.1788 ( 76%) / フィールド構造 +0.0135 (  6%) / 疑似文書 +0.0436 ( 18%)
    precision@100  位置ブースト +0.1750 ( 79%) / フィールド構造 +0.0100 (  5%) / 疑似文書 +0.0359 ( 16%)

[consensus]
method        recall@100       recall@1000      nDCG@10          precision@100    
----------------------------------------------------------------------------------
baseline      0.0327           0.1495           0.2649           0.3737           
long_nopos    0.0343 (+0.0016) 0.1563 (+0.0068) 0.2729 (+0.0080) 0.3883 (+0.0146) 
long_pos      0.0646 (+0.0318) 0.2992 (+0.1498) 0.4573 (+0.1924) 0.7190 (+0.3452) 
long_pos_fielded0.0656 (+0.0328) 0.2809 (+0.1314) 0.5078 (+0.2429) 0.7359 (+0.3622) 
champion      0.0689 (+0.0362) 0.3095 (+0.1601) 0.5251 (+0.2602) 0.7769 (+0.4031) 

  [consensus] 寄与の内訳（long_nopos を起点）
    recall@100     位置ブースト +0.0303 ( 87%) / フィールド構造 +0.0010 (  3%) / 疑似文書 +0.0034 ( 10%)
    recall@1000    位置ブースト +0.1429 ( 93%) / フィールド構造 -0.0183 (-12%) / 疑似文書 +0.0286 ( 19%)
    nDCG@10        位置ブースト +0.1843 ( 73%) / フィールド構造 +0.0505 ( 20%) / 疑似文書 +0.0172 (  7%)
    precision@100  位置ブースト +0.3307 ( 85%) / フィールド構造 +0.0170 (  4%) / 疑似文書 +0.0410 ( 11%)
========================================================================
集計値を保存: /home/takeuchi/rag-experiment-doc/experiments/gemini_fewshot_each_boost/posboost_full_ablation_result.json
