読み込み中...
全トピック 105 / 対象 35
窓: [50, 100, 200, 400]   スケジュール: ['flat', 'geom0.5', 'geom0.25']   スケール: [15.0, 30.0]
= 13 条件
========================================================================
  champion               R@1000=0.2982  nDCG@10=0.5007  (431s)
  cascade_flat_s15       R@1000=0.2990  nDCG@10=0.4962  (1326s)
  cascade_flat_s30       R@1000=0.2985  nDCG@10=0.4935  (1191s)
  cascade_geom0.5_s15    R@1000=0.2968  nDCG@10=0.4873  (1499s)
  cascade_geom0.5_s30    R@1000=0.2911  nDCG@10=0.4733  (1467s)
  cascade_geom0.25_s15   R@1000=0.2947  nDCG@10=0.4887  (1272s)
  cascade_geom0.25_s30   R@1000=0.2856  nDCG@10=0.4573  (1278s)
  ring_flat_s15          R@1000=0.3033  nDCG@10=0.4918  (2450s)
  ring_flat_s30          R@1000=0.2862  nDCG@10=0.4816  (2437s)
  ring_geom0.5_s15       R@1000=0.2986  nDCG@10=0.4920  (2466s)
  ring_geom0.5_s30       R@1000=0.2805  nDCG@10=0.4674  (2451s)
  ring_geom0.25_s15      R@1000=0.2966  nDCG@10=0.4884  (2492s)
  ring_geom0.25_s30      R@1000=0.2812  nDCG@10=0.4649  (2477s)

全 13 条件完了 (23239s)

[coverage]  (括弧内は champion との差)
condition               recall@100        recall@1000       nDCG@10           precision@100     
------------------------------------------------------------------------------------------------
champion                0.2537            0.6142            0.3634            0.3380            
cascade_flat_s15        0.2487 (-0.0051)  0.6108 (-0.0034)  0.3640 (+0.0006)  0.3320 (-0.0060)  
cascade_flat_s30        0.2428 (-0.0109)  0.6193 (+0.0050)  0.3608 (-0.0026)  0.3240 (-0.0140)  
cascade_geom0.5_s15     0.2466 (-0.0071)  0.6154 (+0.0012)  0.3549 (-0.0085)  0.3300 (-0.0080)  
cascade_geom0.5_s30     0.2367 (-0.0170)  0.6132 (-0.0010)  0.3233 (-0.0401)  0.3180 (-0.0200)  
cascade_geom0.25_s15    0.2458 (-0.0080)  0.6135 (-0.0007)  0.3583 (-0.0051)  0.3280 (-0.0100)  
cascade_geom0.25_s30    0.2407 (-0.0131)  0.6132 (-0.0010)  0.3224 (-0.0409)  0.3220 (-0.0160)  
ring_flat_s15           0.2491 (-0.0047)  0.6222 (+0.0079)  0.3549 (-0.0084)  0.3340 (-0.0040)  
ring_flat_s30           0.2355 (-0.0182)  0.6037 (-0.0105)  0.3514 (-0.0119)  0.3160 (-0.0220)  
ring_geom0.5_s15        0.2525 (-0.0012)  0.6253 (+0.0110)  0.3347 (-0.0287)  0.3380 (+0.0000)  
ring_geom0.5_s30        0.2294 (-0.0243)  0.6033 (-0.0109)  0.2845 (-0.0789)  0.3100 (-0.0280)  
ring_geom0.25_s15       0.2478 (-0.0059)  0.6155 (+0.0012)  0.3202 (-0.0431)  0.3320 (-0.0060)  
ring_geom0.25_s30       0.2279 (-0.0259)  0.6061 (-0.0081)  0.2850 (-0.0783)  0.3060 (-0.0320)  

  [coverage] 指標ごとの最良
    recall@100     champion               0.2537
    recall@1000    ring_geom0.5_s15       0.6253
    nDCG@10        cascade_flat_s15       0.3640
    precision@100  champion               0.3380

[consensus]  (括弧内は champion との差)
condition               recall@100        recall@1000       nDCG@10           precision@100     
------------------------------------------------------------------------------------------------
champion                0.0677            0.2982            0.5007            0.7669            
cascade_flat_s15        0.0678 (+0.0001)  0.2990 (+0.0009)  0.4962 (-0.0045)  0.7700 (+0.0031)  
cascade_flat_s30        0.0684 (+0.0008)  0.2985 (+0.0004)  0.4935 (-0.0072)  0.7746 (+0.0077)  
cascade_geom0.5_s15     0.0675 (-0.0002)  0.2968 (-0.0013)  0.4873 (-0.0133)  0.7651 (-0.0017)  
cascade_geom0.5_s30     0.0675 (-0.0002)  0.2911 (-0.0071)  0.4733 (-0.0274)  0.7603 (-0.0066)  
cascade_geom0.25_s15    0.0674 (-0.0002)  0.2947 (-0.0035)  0.4887 (-0.0119)  0.7623 (-0.0046)  
cascade_geom0.25_s30    0.0665 (-0.0012)  0.2856 (-0.0125)  0.4573 (-0.0434)  0.7486 (-0.0183)  
ring_flat_s15           0.0690 (+0.0014)  0.3033 (+0.0052)  0.4918 (-0.0089)  0.7851 (+0.0183)  
ring_flat_s30           0.0672 (-0.0004)  0.2862 (-0.0120)  0.4816 (-0.0190)  0.7557 (-0.0111)  
ring_geom0.5_s15        0.0684 (+0.0007)  0.2986 (+0.0005)  0.4920 (-0.0087)  0.7763 (+0.0094)  
ring_geom0.5_s30        0.0667 (-0.0010)  0.2805 (-0.0176)  0.4674 (-0.0333)  0.7500 (-0.0169)  
ring_geom0.25_s15       0.0678 (+0.0002)  0.2966 (-0.0016)  0.4884 (-0.0122)  0.7691 (+0.0023)  
ring_geom0.25_s30       0.0665 (-0.0012)  0.2812 (-0.0170)  0.4649 (-0.0358)  0.7480 (-0.0189)  

  [consensus] 指標ごとの最良
    recall@100     ring_flat_s15          0.0690
    recall@1000    ring_flat_s15          0.3033
    nDCG@10        champion               0.5007
    precision@100  ring_flat_s15          0.7851

========================================================================
検索コスト（1条件あたりの総秒数）
  champion                 431.1s  (champion比 1.00倍)
  cascade_flat_s15        1325.8s  (champion比 3.08倍)
  cascade_flat_s30        1191.1s  (champion比 2.76倍)
  cascade_geom0.5_s15     1499.1s  (champion比 3.48倍)
  cascade_geom0.5_s30     1466.7s  (champion比 3.40倍)
  cascade_geom0.25_s15    1272.5s  (champion比 2.95倍)
  cascade_geom0.25_s30    1278.2s  (champion比 2.96倍)
  ring_flat_s15           2450.3s  (champion比 5.68倍)
  ring_flat_s30           2436.7s  (champion比 5.65倍)
  ring_geom0.5_s15        2466.3s  (champion比 5.72倍)
  ring_geom0.5_s30        2451.2s  (champion比 5.69倍)
  ring_geom0.25_s15       2492.0s  (champion比 5.78倍)
  ring_geom0.25_s30       2477.4s  (champion比 5.75倍)

集計値を保存: /home/takeuchi/rag-experiment-doc/experiments/gemini_fewshot_each_boost/multiwindow_posboost_result.json
