qrels読み込み: 10284行 / 10281 種類のdocid / 60シャードに分散
インデックス qrel-segment-pool を作成しました。
[1/60] shard 00: 153件投入 (34s)
[2/60] shard 01: 214件投入 (38s)
[3/60] shard 02: 335件投入 (36s)
[4/60] shard 03: 166件投入 (37s)
[5/60] shard 04: 247件投入 (33s)
[6/60] shard 05: 181件投入 (36s)
[7/60] shard 06: 251件投入 (33s)
[8/60] shard 07: 212件投入 (33s)
[9/60] shard 08: 202件投入 (36s)
[10/60] shard 09: 164件投入 (34s)
[11/60] shard 10: 147件投入 (30s)
[12/60] shard 11: 196件投入 (34s)
[13/60] shard 12: 112件投入 (43s)
[14/60] shard 13: 135件投入 (40s)
[15/60] shard 14: 183件投入 (39s)
[16/60] shard 15: 109件投入 (40s)
[17/60] shard 16: 268件投入 (47s)
[18/60] shard 17: 214件投入 (49s)
[19/60] shard 18: 253件投入 (49s)
[20/60] shard 19: 261件投入 (37s)
[21/60] shard 20: 176件投入 (38s)
[22/60] shard 21: 113件投入 (36s)
[23/60] shard 22: 119件投入 (38s)
[24/60] shard 23: 138件投入 (36s)
[25/60] shard 24: 159件投入 (40s)
[26/60] shard 25: 289件投入 (39s)
[27/60] shard 26: 316件投入 (37s)
[28/60] shard 27: 195件投入 (38s)
[29/60] shard 28: 203件投入 (39s)
[30/60] shard 29: 116件投入 (37s)
[31/60] shard 30: 93件投入 (44s)
[32/60] shard 31: 172件投入 (40s)
[33/60] shard 32: 140件投入 (38s)
[34/60] shard 33: 232件投入 (34s)
[35/60] shard 34: 150件投入 (37s)
[36/60] shard 35: 278件投入 (36s)
[37/60] shard 36: 164件投入 (36s)
[38/60] shard 37: 101件投入 (35s)
[39/60] shard 38: 120件投入 (32s)
[40/60] shard 39: 138件投入 (34s)
[41/60] shard 40: 177件投入 (37s)
[42/60] shard 41: 123件投入 (36s)
[43/60] shard 42: 225件投入 (41s)
[44/60] shard 43: 57件投入 (36s)
[45/60] shard 44: 165件投入 (38s)
[46/60] shard 45: 139件投入 (35s)
[47/60] shard 46: 124件投入 (31s)
[48/60] shard 47: 151件投入 (33s)
[49/60] shard 48: 178件投入 (39s)
[50/60] shard 49: 119件投入 (37s)
[51/60] shard 50: 230件投入 (45s)
[52/60] shard 51: 155件投入 (40s)
[53/60] shard 52: 128件投入 (37s)
[54/60] shard 53: 103件投入 (35s)
[55/60] shard 54: 165件投入 (41s)
[56/60] shard 55: 112件投入 (37s)
[57/60] shard 56: 263件投入 (38s)
[58/60] shard 57: 123件投入 (34s)
[59/60] shard 58: 91件投入 (38s)
[60/60] shard 59: 38件投入 (22s)

投入完了: 10281件送信 / 見つからなかったdocid=0 / インデックス内docs.count=10281
所要時間=2232s
