読み込み中...
オラクル(qrel正解セグメント)方式: K=[1, 2, 3, 5, 8, 10, 15, 20, 30] が全て揃った 22 クエリ （除外 0）
  qrels[coverage]: 22 qids / うち対象内 22 qids
  qrels[consensus]: 105 qids / うち対象内 22 qids
条件: baseline, hydecat_1, hydecat_2, hydecat_3, hydecat_5, hydecat_8, hydecat_10, hydecat_15, hydecat_20, hydecat_30   TOPK=1000   QUERY_REPEAT=5
========================================================================
  baseline: 20/22 (9s)  baseline: 22/22 (9s)
  hydecat_1: 20/22 (27s)  hydecat_1: 22/22 (31s)
  hydecat_2: 20/22 (30s)  hydecat_2: 22/22 (33s)
  hydecat_3: 20/22 (28s)  hydecat_3: 22/22 (29s)
  hydecat_5: 20/22 (51s)  hydecat_5: 22/22 (57s)
  hydecat_8: 20/22 (80s)  hydecat_8: 22/22 (89s)
  hydecat_10: 20/22 (57s)  hydecat_10: 22/22 (63s)
  hydecat_15: 20/22 (135s)  hydecat_15: 22/22 (147s)
  hydecat_20: 20/22 (147s)  hydecat_20: 22/22 (160s)  [warn] BM25検索失敗（1256語のクエリ）: RequestError(400, 'search_phase_execution_exception', 'failed to create query: maxClauseCount is set to 1024')

  hydecat_30: 20/22 (275s)  hydecat_30: 22/22 (300s)

BM25 呼び出し 675 回 / キャッシュヒット 1415 回
最終採点対象: 22 クエリ（全条件共通）

--- docid 粒度チェック ---
  [check/coverage] qrels docid 5599 件中 1447 件が run に出現
  [check/consensus] qrels docid 26092 件中 3938 件が run に出現

### baseline ###
[baseline / coverage] n=22  recall_100=0.0942  recall_1000=0.2884  ndcg_cut_10=0.1569  P_100=0.1505
[baseline / consensus] n=22  recall_100=0.0412  recall_1000=0.1673  ndcg_cut_10=0.2863  P_100=0.3909

### hydecat_1 ###
[hydecat_1 / coverage] n=22  recall_100=0.1248  recall_1000=0.3492  ndcg_cut_10=0.2905  P_100=0.1923
[hydecat_1 / consensus] n=22  recall_100=0.0460  recall_1000=0.1932  ndcg_cut_10=0.3496  P_100=0.4300

### hydecat_2 ###
[hydecat_2 / coverage] n=22  recall_100=0.1247  recall_1000=0.3598  ndcg_cut_10=0.2523  P_100=0.1936
[hydecat_2 / consensus] n=22  recall_100=0.0466  recall_1000=0.1960  ndcg_cut_10=0.3423  P_100=0.4291

### hydecat_3 ###
[hydecat_3 / coverage] n=22  recall_100=0.1298  recall_1000=0.3663  ndcg_cut_10=0.2750  P_100=0.2009
[hydecat_3 / consensus] n=22  recall_100=0.0478  recall_1000=0.1977  ndcg_cut_10=0.3477  P_100=0.4405

### hydecat_5 ###
[hydecat_5 / coverage] n=22  recall_100=0.1295  recall_1000=0.3777  ndcg_cut_10=0.2772  P_100=0.1991
[hydecat_5 / consensus] n=22  recall_100=0.0479  recall_1000=0.2042  ndcg_cut_10=0.3539  P_100=0.4427

### hydecat_8 ###
[hydecat_8 / coverage] n=22  recall_100=0.1245  recall_1000=0.3829  ndcg_cut_10=0.2798  P_100=0.1936
[hydecat_8 / consensus] n=22  recall_100=0.0476  recall_1000=0.2017  ndcg_cut_10=0.3576  P_100=0.4445

### hydecat_10 ###
[hydecat_10 / coverage] n=22  recall_100=0.1235  recall_1000=0.3922  ndcg_cut_10=0.2735  P_100=0.1914
[hydecat_10 / consensus] n=22  recall_100=0.0473  recall_1000=0.2057  ndcg_cut_10=0.3620  P_100=0.4427

### hydecat_15 ###
[hydecat_15 / coverage] n=22  recall_100=0.1212  recall_1000=0.4042  ndcg_cut_10=0.2614  P_100=0.1877
[hydecat_15 / consensus] n=22  recall_100=0.0468  recall_1000=0.2041  ndcg_cut_10=0.3603  P_100=0.4423

### hydecat_20 ###
[hydecat_20 / coverage] n=22  recall_100=0.1210  recall_1000=0.4128  ndcg_cut_10=0.2569  P_100=0.1877
[hydecat_20 / consensus] n=22  recall_100=0.0465  recall_1000=0.2047  ndcg_cut_10=0.3548  P_100=0.4432

### hydecat_30 ###
[hydecat_30 / coverage] n=22  recall_100=0.1210  recall_1000=0.4056  ndcg_cut_10=0.2668  P_100=0.1882
[hydecat_30 / consensus] n=22  recall_100=0.0467  recall_1000=0.2045  ndcg_cut_10=0.3568  P_100=0.4418

========================================================================
SUMMARY（オラクル: qrel正解セグメント使用）   対象: 22 クエリ   QUERY_REPEAT=5

[coverage]
method      recall@100      recall@1000     nDCG@10         precision@100   
----------------------------------------------------------------------------
baseline    0.0942          0.2884          0.1569          0.1505          
hydecat_1   0.1248 (+0.0306)0.3492 (+0.0608)0.2905 (+0.1336)0.1923 (+0.0418)
hydecat_2   0.1247 (+0.0304)0.3598 (+0.0714)0.2523 (+0.0954)0.1936 (+0.0432)
hydecat_3   0.1298 (+0.0356)0.3663 (+0.0779)0.2750 (+0.1181)0.2009 (+0.0505)
hydecat_5   0.1295 (+0.0352)0.3777 (+0.0893)0.2772 (+0.1203)0.1991 (+0.0486)
hydecat_8   0.1245 (+0.0303)0.3829 (+0.0945)0.2798 (+0.1229)0.1936 (+0.0432)
hydecat_10  0.1235 (+0.0293)0.3922 (+0.1037)0.2735 (+0.1167)0.1914 (+0.0409)
hydecat_15  0.1212 (+0.0270)0.4042 (+0.1157)0.2614 (+0.1045)0.1877 (+0.0373)
hydecat_20  0.1210 (+0.0268)0.4128 (+0.1243)0.2569 (+0.1001)0.1877 (+0.0373)
hydecat_30  0.1210 (+0.0268)0.4056 (+0.1172)0.2668 (+0.1099)0.1882 (+0.0377)

[consensus]
method      recall@100      recall@1000     nDCG@10         precision@100   
----------------------------------------------------------------------------
baseline    0.0412          0.1673          0.2863          0.3909          
hydecat_1   0.0460 (+0.0049)0.1932 (+0.0259)0.3496 (+0.0633)0.4300 (+0.0391)
hydecat_2   0.0466 (+0.0055)0.1960 (+0.0287)0.3423 (+0.0559)0.4291 (+0.0382)
hydecat_3   0.0478 (+0.0066)0.1977 (+0.0304)0.3477 (+0.0613)0.4405 (+0.0495)
hydecat_5   0.0479 (+0.0068)0.2042 (+0.0369)0.3539 (+0.0676)0.4427 (+0.0518)
hydecat_8   0.0476 (+0.0065)0.2017 (+0.0344)0.3576 (+0.0712)0.4445 (+0.0536)
hydecat_10  0.0473 (+0.0061)0.2057 (+0.0384)0.3620 (+0.0757)0.4427 (+0.0518)
hydecat_15  0.0468 (+0.0057)0.2041 (+0.0368)0.3603 (+0.0740)0.4423 (+0.0514)
hydecat_20  0.0465 (+0.0053)0.2047 (+0.0374)0.3548 (+0.0685)0.4432 (+0.0523)
hydecat_30  0.0467 (+0.0055)0.2045 (+0.0372)0.3568 (+0.0705)0.4418 (+0.0509)
========================================================================
集計値を保存: /home/takeuchi/rag-experiment/qrelpool_eval_summary_rep5.json
