読み込み中...
オラクル(qrel正解セグメント)方式: K=[1, 2, 3, 5, 8, 10, 15, 20, 30] が全て揃った 22 クエリ （除外 0）
  qrels[coverage]: 22 qids / うち対象内 22 qids
  qrels[consensus]: 105 qids / うち対象内 22 qids
条件: baseline, hydecat_1, hydecat_2, hydecat_3, hydecat_5, hydecat_8, hydecat_10, hydecat_15, hydecat_20, hydecat_30   TOPK=1000   QUERY_REPEAT=1
========================================================================
  baseline: 20/22 (8s)  baseline: 22/22 (8s)
  hydecat_1: 20/22 (56s)  hydecat_1: 22/22 (62s)
  hydecat_2: 20/22 (27s)  hydecat_2: 22/22 (29s)
  hydecat_3: 20/22 (26s)  hydecat_3: 22/22 (27s)
  hydecat_5: 20/22 (51s)  hydecat_5: 22/22 (56s)
  hydecat_8: 20/22 (76s)  hydecat_8: 22/22 (84s)
  hydecat_10: 20/22 (54s)  hydecat_10: 22/22 (58s)
  hydecat_15: 20/22 (123s)  hydecat_15: 22/22 (135s)
  hydecat_20: 20/22 (140s)  hydecat_20: 22/22 (152s)
  hydecat_30: 20/22 (257s)  hydecat_30: 22/22 (278s)

BM25 呼び出し 675 回 / キャッシュヒット 1415 回
最終採点対象: 22 クエリ（全条件共通）

--- docid 粒度チェック ---
  [check/coverage] qrels docid 5599 件中 1447 件が run に出現
  [check/consensus] qrels docid 26092 件中 3938 件が run に出現

### baseline ###
[baseline / coverage] n=22  recall_100=0.0942  recall_1000=0.2884  ndcg_cut_10=0.1569  P_100=0.1505
[baseline / consensus] n=22  recall_100=0.0412  recall_1000=0.1673  ndcg_cut_10=0.2863  P_100=0.3909

### hydecat_1 ###
[hydecat_1 / coverage] n=22  recall_100=0.1216  recall_1000=0.3387  ndcg_cut_10=0.3007  P_100=0.1832
[hydecat_1 / consensus] n=22  recall_100=0.0433  recall_1000=0.1807  ndcg_cut_10=0.3336  P_100=0.3986

### hydecat_2 ###
[hydecat_2 / coverage] n=22  recall_100=0.1256  recall_1000=0.3448  ndcg_cut_10=0.2801  P_100=0.1927
[hydecat_2 / consensus] n=22  recall_100=0.0447  recall_1000=0.1891  ndcg_cut_10=0.3344  P_100=0.4155

### hydecat_3 ###
[hydecat_3 / coverage] n=22  recall_100=0.1334  recall_1000=0.3591  ndcg_cut_10=0.2715  P_100=0.2041
[hydecat_3 / consensus] n=22  recall_100=0.0465  recall_1000=0.1908  ndcg_cut_10=0.3268  P_100=0.4282

### hydecat_5 ###
[hydecat_5 / coverage] n=22  recall_100=0.1362  recall_1000=0.3821  ndcg_cut_10=0.3112  P_100=0.2055
[hydecat_5 / consensus] n=22  recall_100=0.0473  recall_1000=0.2030  ndcg_cut_10=0.3602  P_100=0.4359

### hydecat_8 ###
[hydecat_8 / coverage] n=22  recall_100=0.1312  recall_1000=0.3956  ndcg_cut_10=0.3042  P_100=0.2000
[hydecat_8 / consensus] n=22  recall_100=0.0471  recall_1000=0.2036  ndcg_cut_10=0.3667  P_100=0.4395

### hydecat_10 ###
[hydecat_10 / coverage] n=22  recall_100=0.1341  recall_1000=0.4067  ndcg_cut_10=0.3070  P_100=0.2023
[hydecat_10 / consensus] n=22  recall_100=0.0480  recall_1000=0.2084  ndcg_cut_10=0.3724  P_100=0.4527

### hydecat_15 ###
[hydecat_15 / coverage] n=22  recall_100=0.1308  recall_1000=0.4254  ndcg_cut_10=0.2832  P_100=0.1982
[hydecat_15 / consensus] n=22  recall_100=0.0474  recall_1000=0.2084  ndcg_cut_10=0.3575  P_100=0.4482

### hydecat_20 ###
[hydecat_20 / coverage] n=22  recall_100=0.1295  recall_1000=0.4395  ndcg_cut_10=0.2904  P_100=0.1968
[hydecat_20 / consensus] n=22  recall_100=0.0476  recall_1000=0.2115  ndcg_cut_10=0.3634  P_100=0.4518

### hydecat_30 ###
[hydecat_30 / coverage] n=22  recall_100=0.1299  recall_1000=0.4349  ndcg_cut_10=0.2989  P_100=0.1973
[hydecat_30 / consensus] n=22  recall_100=0.0475  recall_1000=0.2129  ndcg_cut_10=0.3673  P_100=0.4518

========================================================================
SUMMARY（オラクル: qrel正解セグメント使用）   対象: 22 クエリ   QUERY_REPEAT=1

[coverage]
method      recall@100      recall@1000     nDCG@10         precision@100   
----------------------------------------------------------------------------
baseline    0.0942          0.2884          0.1569          0.1505          
hydecat_1   0.1216 (+0.0274)0.3387 (+0.0503)0.3007 (+0.1438)0.1832 (+0.0327)
hydecat_2   0.1256 (+0.0313)0.3448 (+0.0563)0.2801 (+0.1232)0.1927 (+0.0423)
hydecat_3   0.1334 (+0.0392)0.3591 (+0.0707)0.2715 (+0.1146)0.2041 (+0.0536)
hydecat_5   0.1362 (+0.0420)0.3821 (+0.0937)0.3112 (+0.1543)0.2055 (+0.0550)
hydecat_8   0.1312 (+0.0370)0.3956 (+0.1072)0.3042 (+0.1473)0.2000 (+0.0495)
hydecat_10  0.1341 (+0.0399)0.4067 (+0.1182)0.3070 (+0.1501)0.2023 (+0.0518)
hydecat_15  0.1308 (+0.0366)0.4254 (+0.1370)0.2832 (+0.1263)0.1982 (+0.0477)
hydecat_20  0.1295 (+0.0352)0.4395 (+0.1511)0.2904 (+0.1335)0.1968 (+0.0464)
hydecat_30  0.1299 (+0.0357)0.4349 (+0.1464)0.2989 (+0.1420)0.1973 (+0.0468)

[consensus]
method      recall@100      recall@1000     nDCG@10         precision@100   
----------------------------------------------------------------------------
baseline    0.0412          0.1673          0.2863          0.3909          
hydecat_1   0.0433 (+0.0021)0.1807 (+0.0134)0.3336 (+0.0473)0.3986 (+0.0077)
hydecat_2   0.0447 (+0.0036)0.1891 (+0.0218)0.3344 (+0.0481)0.4155 (+0.0245)
hydecat_3   0.0465 (+0.0053)0.1908 (+0.0234)0.3268 (+0.0405)0.4282 (+0.0373)
hydecat_5   0.0473 (+0.0061)0.2030 (+0.0357)0.3602 (+0.0739)0.4359 (+0.0450)
hydecat_8   0.0471 (+0.0059)0.2036 (+0.0362)0.3667 (+0.0804)0.4395 (+0.0486)
hydecat_10  0.0480 (+0.0069)0.2084 (+0.0410)0.3724 (+0.0861)0.4527 (+0.0618)
hydecat_15  0.0474 (+0.0062)0.2084 (+0.0410)0.3575 (+0.0712)0.4482 (+0.0573)
hydecat_20  0.0476 (+0.0064)0.2115 (+0.0442)0.3634 (+0.0771)0.4518 (+0.0609)
hydecat_30  0.0475 (+0.0063)0.2129 (+0.0456)0.3673 (+0.0809)0.4518 (+0.0609)
========================================================================
集計値を保存: /home/takeuchi/rag-experiment/qrelpool_eval_summary.json
