qrels読み込み: 10284行 / 10281 種類のdocid / 60シャードに分散
[1/60] shard 00: 対象153件中 153件ヒット (34s)
[2/60] shard 01: 対象214件中 214件ヒット (37s)
[3/60] shard 02: 対象335件中 335件ヒット (35s)
[4/60] shard 03: 対象166件中 166件ヒット (36s)
[5/60] shard 04: 対象247件中 247件ヒット (34s)
[6/60] shard 05: 対象181件中 181件ヒット (38s)
[7/60] shard 06: 対象251件中 251件ヒット (35s)
[8/60] shard 07: 対象212件中 212件ヒット (31s)
[9/60] shard 08: 対象202件中 202件ヒット (33s)
[10/60] shard 09: 対象164件中 164件ヒット (35s)
[11/60] shard 10: 対象147件中 147件ヒット (29s)
[12/60] shard 11: 対象196件中 196件ヒット (32s)
[13/60] shard 12: 対象112件中 112件ヒット (41s)
[14/60] shard 13: 対象135件中 135件ヒット (39s)
[15/60] shard 14: 対象183件中 183件ヒット (37s)
[16/60] shard 15: 対象109件中 109件ヒット (39s)
[17/60] shard 16: 対象268件中 268件ヒット (45s)
[18/60] shard 17: 対象214件中 214件ヒット (49s)
[19/60] shard 18: 対象253件中 253件ヒット (48s)
[20/60] shard 19: 対象261件中 261件ヒット (37s)
[21/60] shard 20: 対象176件中 176件ヒット (40s)
[22/60] shard 21: 対象113件中 113件ヒット (36s)
[23/60] shard 22: 対象119件中 119件ヒット (39s)
[24/60] shard 23: 対象138件中 138件ヒット (36s)
[25/60] shard 24: 対象159件中 159件ヒット (37s)
[26/60] shard 25: 対象289件中 289件ヒット (36s)
[27/60] shard 26: 対象316件中 316件ヒット (34s)
[28/60] shard 27: 対象195件中 195件ヒット (36s)
[29/60] shard 28: 対象203件中 203件ヒット (38s)
[30/60] shard 29: 対象116件中 116件ヒット (37s)
[31/60] shard 30: 対象93件中 93件ヒット (41s)
[32/60] shard 31: 対象172件中 172件ヒット (37s)
[33/60] shard 32: 対象140件中 140件ヒット (38s)
[34/60] shard 33: 対象232件中 232件ヒット (34s)
[35/60] shard 34: 対象150件中 150件ヒット (37s)
[36/60] shard 35: 対象278件中 278件ヒット (38s)
[37/60] shard 36: 対象164件中 164件ヒット (36s)
[38/60] shard 37: 対象101件中 101件ヒット (33s)
[39/60] shard 38: 対象120件中 120件ヒット (35s)
[40/60] shard 39: 対象138件中 138件ヒット (34s)
[41/60] shard 40: 対象177件中 177件ヒット (37s)
[42/60] shard 41: 対象123件中 123件ヒット (34s)
[43/60] shard 42: 対象225件中 225件ヒット (41s)
[44/60] shard 43: 対象57件中 57件ヒット (34s)
[45/60] shard 44: 対象165件中 165件ヒット (37s)
[46/60] shard 45: 対象139件中 139件ヒット (35s)
[47/60] shard 46: 対象124件中 124件ヒット (29s)
[48/60] shard 47: 対象151件中 151件ヒット (31s)
[49/60] shard 48: 対象178件中 178件ヒット (37s)
[50/60] shard 49: 対象119件中 119件ヒット (36s)
[51/60] shard 50: 対象230件中 230件ヒット (43s)
[52/60] shard 51: 対象155件中 155件ヒット (37s)
[53/60] shard 52: 対象128件中 128件ヒット (37s)
[54/60] shard 53: 対象103件中 103件ヒット (33s)
[55/60] shard 54: 対象165件中 165件ヒット (43s)
[56/60] shard 55: 対象112件中 112件ヒット (37s)
[57/60] shard 56: 対象263件中 263件ヒット (36s)
[58/60] shard 57: 対象123件中 123件ヒット (34s)
[59/60] shard 58: 対象91件中 91件ヒット (36s)
[60/60] shard 59: 対象38件中 38件ヒット (21s)

トピック数=22  見つからなかったdocid=0
  qid=14: 486件
  qid=31: 433件
  qid=37: 568件
  qid=58: 452件
  qid=72: 508件
  qid=84: 567件
  qid=144: 513件
  qid=161: 463件
  qid=200: 470件
  qid=213: 475件
  qid=219: 455件
  qid=224: 517件
  qid=225: 332件
  qid=233: 360件
  qid=273: 431件
  qid=300: 459件
  qid=407: 500件
  qid=477: 447件
  qid=499: 349件
  qid=515: 454件
  qid=707: 551件
  qid=897: 494件

所要時間=2185s
-> qrel_segment_pool.json
