読み込み中...
対象トピック: 105   RETRIEVE_K=3000   条件: structured_base, structured_posboost, narrative_only_base, narrative_only_posboost, baseline
  1/105  qid=100  fetch=11172件  経過1.1分  残り約115分
  2/105  qid=1001  fetch=10057件  経過2.2分  残り約113分
  3/105  qid=102  fetch=16442件  経過3.9分  残り約132分
  4/105  qid=125  fetch=14304件  経過5.6分  残り約143分
  5/105  qid=129  fetch=7027件  経過6.7分  残り約133分
  6/105  qid=14  fetch=10158件  経過7.9分  残り約130分
  7/105  qid=140  fetch=15950件  経過9.8分  残り約137分
  8/105  qid=144  fetch=7324件  経過10.6分  残り約129分
  9/105  qid=147  fetch=9825件  経過11.8分  残り約125分
  10/105  qid=149  fetch=12908件  経過13.1分  残り約125分
  11/105  qid=161  fetch=9054件  経過14.4分  残り約123分
  12/105  qid=176  fetch=10369件  経過15.6分  残り約121分
  13/105  qid=18  fetch=7137件  経過17.2分  残り約121分
  14/105  qid=182  fetch=9108件  経過18.5分  残り約120分
  15/105  qid=183  fetch=7396件  経過19.9分  残り約119分
  16/105  qid=187  fetch=8233件  経過21.0分  残り約117分
  17/105  qid=188  fetch=16411件  経過22.9分  残り約119分
  18/105  qid=191  fetch=9817件  経過24.3分  残り約117分
  19/105  qid=2  fetch=9628件  経過25.7分  残り約116分
  20/105  qid=200  fetch=18865件  経過27.4分  残り約117分
  21/105  qid=202  fetch=9717件  経過28.4分  残り約113分
  22/105  qid=203  fetch=21404件  経過30.5分  残り約115分
  23/105  qid=213  fetch=10005件  経過32.3分  残り約115分
  24/105  qid=219  fetch=11500件  経過33.6分  残り約113分
  25/105  qid=221  fetch=12036件  経過35.1分  残り約112分
  26/105  qid=224  fetch=8615件  経過36.5分  残り約111分
  27/105  qid=225  fetch=13108件  経過37.8分  残り約109分
  28/105  qid=23  fetch=4852件  経過39.0分  残り約107分
  29/105  qid=231  fetch=14031件  経過40.6分  残り約106分
  30/105  qid=233  fetch=7604件  経過41.5分  残り約104分
  31/105  qid=24  fetch=8179件  経過42.5分  残り約101分
  32/105  qid=245  fetch=10483件  経過43.8分  残り約100分
  33/105  qid=247  fetch=14199件  経過45.3分  残り約99分
  34/105  qid=25  fetch=7893件  経過46.4分  残り約97分
  35/105  qid=258  fetch=12238件  経過47.6分  残り約95分
  36/105  qid=273  fetch=15338件  経過49.4分  残り約95分
  37/105  qid=278  fetch=11143件  経過50.6分  残り約93分
  38/105  qid=28  fetch=5790件  経過51.4分  残り約91分
  39/105  qid=300  fetch=7447件  経過52.3分  残り約89分
  40/105  qid=31  fetch=5940件  経過53.2分  残り約87分
  41/105  qid=323  fetch=17405件  経過55.0分  残り約86分
  42/105  qid=333  fetch=12297件  経過56.3分  残り約84分
  43/105  qid=341  fetch=7565件  経過57.2分  残り約83分
  44/105  qid=346  fetch=14851件  経過58.7分  残り約81分
  45/105  qid=349  fetch=17365件  経過60.8分  残り約81分
  46/105  qid=360  fetch=8770件  経過61.8分  残り約79分
  47/105  qid=37  fetch=11129件  経過63.0分  残り約78分
  48/105  qid=372  fetch=7938件  経過64.1分  残り約76分
  49/105  qid=388  fetch=11037件  経過65.4分  残り約75分
  50/105  qid=394  fetch=11273件  経過66.7分  残り約73分
  51/105  qid=407  fetch=10487件  経過67.8分  残り約72分
  52/105  qid=41  fetch=11862件  経過69.1分  残り約70分
  53/105  qid=426  fetch=10540件  経過70.0分  残り約69分
  54/105  qid=43  fetch=16002件  経過71.8分  残り約68分
  55/105  qid=46  fetch=12279件  経過73.6分  残り約67分
  56/105  qid=464  fetch=10811件  経過75.2分  残り約66分
  57/105  qid=467  fetch=10043件  経過76.3分  残り約64分
  58/105  qid=469  fetch=12175件  経過77.7分  残り約63分
  59/105  qid=47  fetch=9131件  経過79.2分  残り約62分
  60/105  qid=477  fetch=15314件  経過80.9分  残り約61分
  61/105  qid=48  fetch=12118件  経過82.6分  残り約60分
  62/105  qid=49  fetch=7831件  経過84.0分  残り約58分
  63/105  qid=497  fetch=13527件  経過85.4分  残り約57分
  64/105  qid=499  fetch=17225件  経過86.8分  残り約56分
  65/105  qid=502  fetch=10683件  経過87.9分  残り約54分
  66/105  qid=503  fetch=10919件  経過88.9分  残り約53分
  67/105  qid=515  fetch=6906件  経過90.1分  残り約51分
  68/105  qid=526  fetch=12463件  経過91.2分  残り約50分
  69/105  qid=528  fetch=10891件  経過92.6分  残り約48分
  70/105  qid=53  fetch=13669件  経過94.4分  残り約47分
  71/105  qid=55  fetch=6633件  経過95.3分  残り約46分
  72/105  qid=56  fetch=11124件  経過96.9分  残り約44分
  73/105  qid=568  fetch=11867件  経過98.1分  残り約43分
  74/105  qid=571  fetch=7541件  経過98.9分  残り約41分
  75/105  qid=58  fetch=7455件  経過100.1分  残り約40分
  76/105  qid=582  fetch=11623件  経過101.6分  残り約39分
  77/105  qid=588  fetch=9869件  経過102.7分  残り約37分
  78/105  qid=592  fetch=7642件  経過103.8分  残り約36分
  79/105  qid=598  fetch=16300件  経過105.1分  残り約35分
  80/105  qid=6  fetch=8931件  経過106.4分  残り約33分
  81/105  qid=60  fetch=16340件  経過108.1分  残り約32分
  82/105  qid=606  fetch=6668件  経過108.7分  残り約30分
  83/105  qid=66  fetch=5991件  経過109.7分  残り約29分
  84/105  qid=7  fetch=17682件  経過111.7分  残り約28分
  85/105  qid=70  fetch=12046件  経過113.3分  残り約27分
  86/105  qid=707  fetch=16569件  経過114.9分  残り約25分
  87/105  qid=72  fetch=13309件  経過116.1分  残り約24分
  88/105  qid=80  fetch=11334件  経過117.1分  残り約23分
  89/105  qid=838  fetch=8383件  経過118.4分  残り約21分
  90/105  qid=839  fetch=9445件  経過119.3分  残り約20分
  91/105  qid=84  fetch=5359件  経過120.4分  残り約19分
  92/105  qid=847  fetch=10723件  経過121.4分  残り約17分
  93/105  qid=85  fetch=8113件  経過122.3分  残り約16分
  94/105  qid=851  fetch=12702件  経過123.6分  残り約14分
  95/105  qid=882  fetch=9968件  経過124.5分  残り約13分
  96/105  qid=889  fetch=11381件  経過125.8分  残り約12分
  97/105  qid=897  fetch=9954件  経過127.0分  残り約10分
  98/105  qid=9  fetch=12605件  経過128.8分  残り約9分
  99/105  qid=915  fetch=8045件  経過129.8分  残り約8分
  100/105  qid=93  fetch=9439件  経過131.2分  残り約7分
  101/105  qid=97  fetch=8115件  経過132.7分  残り約5分
  102/105  qid=971  fetch=8925件  経過133.8分  残り約4分
  103/105  qid=983  fetch=12676件  経過135.0分  残り約3分
  104/105  qid=986  fetch=11218件  経過135.8分  残り約1分
  105/105  qid=988  fetch=4168件  経過136.5分  残り約0分

-> /home/takeuchi/rag-experiment-doc/experiments/bm25f_structured_posboost3/bm25f_posboost_full_result.json

=== coverage ===
method                    recall@100    recall@1000   nDCG@10       precision@100 n
structured_base           0.2673        0.6861        0.4646        0.4259        22
structured_posboost       0.2734        0.6998        0.4750        0.4373        22
narrative_only_base       0.2438        0.6052        0.4372        0.3932        22
narrative_only_posboost   0.2434        0.6049        0.4128        0.3936        22
baseline                  0.0942        0.2884        0.1569        0.1505        22

  [narrative×5版との差] structured_base(×3) − k1b3_a0(×5)
    recall@100     -0.0098
    recall@1000    +0.0026
    nDCG@10        -0.0104
    precision@100  -0.0164
  [位置ブーストの効果] structured_posboost − structured_base
    recall@100     +0.0061
    recall@1000    +0.0137
    nDCG@10        +0.0104
    precision@100  +0.0114

=== consensus ===
method                    recall@100    recall@1000   nDCG@10       precision@100 n
structured_base           0.0713        0.3406        0.5225        0.8117        105
structured_posboost       0.0736        0.3595        0.5332        0.8380        105
narrative_only_base       0.0725        0.3237        0.5442        0.8270        105
narrative_only_posboost   0.0733        0.3285        0.5495        0.8336        105
baseline                  0.0327        0.1495        0.2649        0.3737        105

  [narrative×5版との差] structured_base(×3) − k1b3_a0(×5)
    recall@100     -0.0026
    recall@1000    -0.0062
    nDCG@10        -0.0285
    precision@100  -0.0329
  [位置ブーストの効果] structured_posboost − structured_base
    recall@100     +0.0022
    recall@1000    +0.0189
    nDCG@10        +0.0108
    precision@100  +0.0263
